
 Start  Stop   Length Name                   Class
 00000H 000AFH 000B0H RDATA                  PROG
 000B0H 004AAH 003FBH CODE                   PROG
 004ABH 024EEH 02044H NDATA                  PROG
 024F0H 026EFH 00200H STACK                  STACK

 Origin   Group
 0000:0   PGROUP
 0000:0   PSPGRP
 0040:0   BGROUP

  Address         Publics by Name

 0000:0443       CHECK_PSWAT
 0000:00B0       CMDTAB
 0000:0000       DEVHDR
 0000:0012       DEVREQ
 0000:01B3       INT_2F_IRET
 0000:06A4       MAXNAME
 0000:0016       OLD_INT_2F
 0000:0080  Abs  PSP_PARM_COUNT
 0000:0081  Abs  PSP_PARM_STRING
 0000:04AB       PSP_SEG
 0000:04AD       SEPS
 0000:0378       SETUP_1605
 0000:03A9       SETUP_OPTIONS
 0000:001A       SWATINFO
 0000:012E  Abs  SWAT_VER
 0000:0003  Abs  SWAT_VERH
 0000:0002  Abs  SWAT_VERL
 0000:0033  Abs  SWAT_VERS_H
 0000:0030  Abs  SWAT_VERS_T
 0000:0032  Abs  SWAT_VERS_U
 0000:069B       SWTNAME
 0000:04B2       szSWATVXD$
 0000:0270       TsrStart

  Address         Publics by Value

 0000:0000       DEVHDR
 0000:0002  Abs  SWAT_VERL
 0000:0003  Abs  SWAT_VERH
 0000:0012       DEVREQ
 0000:0016       OLD_INT_2F
 0000:001A       SWATINFO
 0000:0030  Abs  SWAT_VERS_T
 0000:0032  Abs  SWAT_VERS_U
 0000:0033  Abs  SWAT_VERS_H
 0000:0080  Abs  PSP_PARM_COUNT
 0000:0081  Abs  PSP_PARM_STRING
 0000:00B0       CMDTAB
 0000:012E  Abs  SWAT_VER
 0000:01B3       INT_2F_IRET
 0000:0270       TsrStart
 0000:0378       SETUP_1605
 0000:03A9       SETUP_OPTIONS
 0000:0443       CHECK_PSWAT
 0000:04AB       PSP_SEG
 0000:04AD       SEPS
 0000:04B2       szSWATVXD$
 0000:069B       SWTNAME
 0000:06A4       MAXNAME

Program entry point at 0000:0270
